ARM Linker, 5.03 [Build 76] [MDK-ARM Standard][RL-ARM]

==============================================================================

Image Symbol Table

    Local Symbols

    Symbol Name                              Value     Ov Type        Size  Object(Section)

    .text                                    0x00000000   Section        0  flashprg.o(.text)
    FlashDev.c                               0x00000000   Number         0  flashdev.o ABSOLUTE
    FlashPrg.c                               0x00000000   Number         0  flashprg.o ABSOLUTE
    .data                                    0x00000138   Section        4  flashprg.o(.data)
    .constdata                               0x0000013c   Section     4256  flashdev.o(.constdata)

    Global Symbols

    Symbol Name                              Value     Ov Type        Size  Object(Section)

    BuildAttributes$$THM_ISAv4$P$D$K$B$S$PE$A:L22UL41UL21$X:L11$S22US41US21$IEEE1$IW$RWPI$~STKCKD$USESV7$~SHL$OSPACE$ROPI$EBA8$STANDARDLIB$REQ8$PRES8$EABIv2 0x00000000   Number         0  anon$$obj.o ABSOLUTE
    Init                                     0x00000001   Thumb Code    60  flashprg.o(.text)
    UnInit                                   0x0000003d   Thumb Code    18  flashprg.o(.text)
    EraseChip                                0x0000004f   Thumb Code    58  flashprg.o(.text)
    EraseSector                              0x00000089   Thumb Code    62  flashprg.o(.text)
    ProgramPage                              0x000000c7   Thumb Code    90  flashprg.o(.text)
    base_adr                                 0x00000138   Data           4  flashprg.o(.data)
    FlashDevice                              0x0000013c   Data        4256  flashdev.o(.constdata)



==============================================================================

Memory Map of the image

  Image entry point : Not specified.

  Load Region PRG (Base: 0x00000000, Size: 0x0000013c, Max: 0xffffffff, PI)

    Execution Region PrgCode (Base: 0x00000000, Size: 0x00000134, Max: 0xffffffff, PI)

    Base Addr    Size         Type   Attr      Idx    E Section Name        Object

    0x00000000   0x00000134   Code   RO            1    .text               flashprg.o


    Execution Region PrgData (Base: 0x00000134, Size: 0x00000008, Max: 0xffffffff, PI)

    Base Addr    Size         Type   Attr      Idx    E Section Name        Object

    0x00000134   0x00000004   Data   RW           30    PDT$$ptr            anon$$obj.o
    0x00000138   0x00000004   Data   RW            2    .data               flashprg.o



  Load Region DSCR (Base: 0x0000013c, Size: 0x000010a0, Max: 0xffffffff, PI)

    Execution Region DevDscr (Base: 0x0000013c, Size: 0x000010a0, Max: 0xffffffff, PI)

    Base Addr    Size         Type   Attr      Idx    E Section Name        Object

    0x0000013c   0x000010a0   Data   RO           21    .constdata          flashdev.o


==============================================================================

Image component sizes


      Code (inc. data)   RO Data    RW Data    ZI Data      Debug   Object Name

         0          0       4256          0          0        386   flashdev.o
       308         20          0          4          0       3735   flashprg.o

    ----------------------------------------------------------------------
       308         20       4256          8          0       4121   Object Totals
         0          0          0          4          0          0   (incl. Generated)
         0          0          0          0          0          0   (incl. Padding)

    ----------------------------------------------------------------------
         0          0          0          0          0          0   Library Totals
         0          0          0          0          0          0   (incl. Padding)

    ----------------------------------------------------------------------

==============================================================================


      Code (inc. data)   RO Data    RW Data    ZI Data      Debug   

       308         20       4256          8          0       4121   Grand Totals
       308         20       4256          8          0       4121   ELF Image Totals
       308         20       4256          8          0          0   ROM Totals

==============================================================================

    Total RO  Size (Code + RO Data)                 4564 (   4.46kB)
    Total RW  Size (RW Data + ZI Data)                 8 (   0.01kB)
    Total ROM Size (Code + RO Data + RW Data)       4572 (   4.46kB)

==============================================================================

